Using API Key: AIzaS...
Testing gemini-2.0-flash...
node : Γ¥î gemini-2.0-flash 
failed: [GoogleGenerativeAI 
Error]: Error fetching from 
https://generativelanguage.g
oogleapis.com/v1beta/models/
gemini-2.0-flash:generateCon
tent: [429 Too Many 
Requests] You exceeded your 
current quota, please check 
your plan and billing 
details. For more 
information on this error, 
head to: https://ai.google.d
ev/gemini-api/docs/rate-limi
ts. To monitor your current 
usage, head to: 
https://ai.dev/rate-limit. 
At line:1 char:1
+ node test-models.js > 
test_output.txt 2>&1
+ ~~~~~~~~~~~~~~~~~~~~~~~~~~
~~~~~~~~~~~~~~~~
    + CategoryInfo          
    : NotSpecified: (Γ¥î g  
  emini-2.0-...ev/rate-li   
 mit. :String) [], Remot    
eException
    + FullyQualifiedErrorId 
    : NativeCommandError
 
* Quota exceeded for 
metric: generativelanguage.g
oogleapis.com/generate_conte
nt_free_tier_requests, 
limit: 0, model: 
gemini-2.0-flash
* Quota exceeded for 
metric: generativelanguage.g
oogleapis.com/generate_conte
nt_free_tier_requests, 
limit: 0, model: 
gemini-2.0-flash
* Quota exceeded for 
metric: generativelanguage.g
oogleapis.com/generate_conte
nt_free_tier_input_token_cou
nt, limit: 0, model: 
gemini-2.0-flash
Please retry in 
2.302393358s. [{"@type":"typ
e.googleapis.com/google.rpc.
Help","links":[{"description
":"Learn more about Gemini 
API quotas","url":"https://a
i.google.dev/gemini-api/docs
/rate-limits"}]},{"@type":"t
ype.googleapis.com/google.rp
c.QuotaFailure","violations"
:[{"quotaMetric":"generative
language.googleapis.com/gene
rate_content_free_tier_reque
sts","quotaId":"GenerateRequ
estsPerDayPerProjectPerModel
-FreeTier","quotaDimensions"
:{"location":"global","model
":"gemini-2.0-flash"}},{"quo
taMetric":"generativelanguag
e.googleapis.com/generate_co
ntent_free_tier_requests","q
uotaId":"GenerateRequestsPer
MinutePerProjectPerModel-Fre
eTier","quotaDimensions":{"m
odel":"gemini-2.0-flash","lo
cation":"global"}},{"quotaMe
tric":"generativelanguage.go
ogleapis.com/generate_conten
t_free_tier_input_token_coun
t","quotaId":"GenerateConten
tInputTokensPerModelPerMinut
e-FreeTier","quotaDimensions
":{"location":"global","mode
l":"gemini-2.0-flash"}}]},{"
@type":"type.googleapis.com/
google.rpc.RetryInfo","retry
Delay":"2s"}]
Testing gemini-2.0-flash-lite-preview-02-05...
Γ¥î gemini-2.0-flash-lite-pr
eview-02-05 failed: 
[GoogleGenerativeAI Error]: 
Error fetching from https://
generativelanguage.googleapi
s.com/v1beta/models/gemini-2
.0-flash-lite-preview-02-05:
generateContent: [404 Not 
Found] models/gemini-2.0-fla
sh-lite-preview-02-05 is 
not found for API version 
v1beta, or is not supported 
for generateContent. Call 
ListModels to see the list 
of available models and 
their supported methods.
Testing gemini-1.5-flash...
Γ¥î gemini-1.5-flash 
failed: [GoogleGenerativeAI 
Error]: Error fetching from 
https://generativelanguage.g
oogleapis.com/v1beta/models/
gemini-1.5-flash:generateCon
tent: [404 Not Found] 
models/gemini-1.5-flash is 
not found for API version 
v1beta, or is not supported 
for generateContent. Call 
ListModels to see the list 
of available models and 
their supported methods.
Testing gemini-1.5-pro...
Γ¥î gemini-1.5-pro failed: 
[GoogleGenerativeAI Error]: 
Error fetching from https://
generativelanguage.googleapi
s.com/v1beta/models/gemini-1
.5-pro:generateContent: 
[404 Not Found] 
models/gemini-1.5-pro is 
not found for API version 
v1beta, or is not supported 
for generateContent. Call 
ListModels to see the list 
of available models and 
their supported methods.
